// Jest Snapshot v1, https://goo.gl/fbAQLP

exports[`[helpers] declarationTitle should compile 1`] = `"\`Const\`  **color**: \\"blue\\"  = \\"blue\\""`;
