// Jest Snapshot v1, https://goo.gl/fbAQLP

exports[`Hierarchy: should compile nested type hierarchy 1`] = `
"* [ParentClass](_hierarchy_.parentclass.md)

  ↳ **ChildClassA**

  ↳↳ [GrandChildClassA](_hierarchy_.grandchildclassa.md)
"
`;

exports[`Hierarchy: should compile type hierarchy 1`] = `
"* **ParentClass**

  ↳ [ChildClassA](_hierarchy_.childclassa.md)

  ↳ [ChildClassB](_hierarchy_.childclassb.md)
"
`;
