// Jest Snapshot v1, https://goo.gl/fbAQLP

exports[`Index: should compile readme 1`] = `
"**typedoc-plugin-markdown**

> [helper: breadcrumbs]

# MY README

> Some block quote

<!-- some comments -->

Some text
"
`;
