// Jest Snapshot v1, https://goo.gl/fbAQLP

exports[`Options: (default options) should compile relativeURL helper 1`] = `"_breadcrumbs_.breadcrumbs.md"`;

exports[`Options: (set options) should compile relativeURL helper with public path 1`] = `"test-public-pathclasses/_breadcrumbs_.breadcrumbs.md"`;
