// Jest Snapshot v1, https://goo.gl/fbAQLP

exports[`[component] ContextAwareHelpersComponent 'comment' helper should build @link references' 1`] = `
"Taken from http://usejsdoc.org/tags-inline-link.html.
"
`;

exports[`[component] ContextAwareHelpersComponent 'comment' helper should convert comments with includes' 1`] = `
"[[include:class-example.md]]

This is an example of handlebars include

[[include:class-example.hbs]]
"
`;

exports[`[component] ContextAwareHelpersComponent 'comment' helper should convert symbols brackets to symbol links' 1`] = `
"- Link to an external reflection: [Greeter](../classes/_classes_.greeter.md)
- Link to an internal reflection: [commentsInReturn](_comments_.md#commentsinreturn)
- Link to an undefined reflection: [[VOID]]
"
`;
