// Jest Snapshot v1, https://goo.gl/fbAQLP

exports[`commentTags helper should compile 1`] = `
"


**\`deprecated\`** 

**\`todo\`** Test Comments"
`;
