// Jest Snapshot v1, https://goo.gl/fbAQLP

exports[`comment helper should compile comments from include file 1`] = `
"This is a simple example on how to use BaseClass.

![My image alt text](media/logo.png)

"
`;

exports[`comment helper should compile shortText 1`] = `"A Comment for a class"`;

exports[`comment helper should compile text 1`] = `
"## Some Markup
**with more markup**

A example with decorators that should not parse to tag
\`\`\`
@myDecorator
@FactoryDecorator('a', 'b', 'c')
export class CommentedClass {
  myProp: string = 'myProp';

  @PropDecorator() decoratedProp: string;

  constructor(@ParamDecorator public param: string) { }

  myMethod() { }
}
\`\`\`"
`;
