// Jest Snapshot v1, https://goo.gl/fbAQLP

exports[`mainTitle helper should compile 1`] = `"# Reflection title"`;
