// Jest Snapshot v1, https://goo.gl/fbAQLP

exports[`parameterNameAndType helper should compile 1`] = `"â–ª\`Const\`  **objectLiteral**: *[object Object]*"`;
