// Jest Snapshot v1, https://goo.gl/fbAQLP

exports[`projectTitle helper should compile 1`] = `"> **[Project title](pagex.md)**"`;
