// Jest Snapshot v1, https://goo.gl/fbAQLP

exports[`reflectionTitle helper should compile 1`] = `"Reflection title"`;
