// Jest Snapshot v1, https://goo.gl/fbAQLP

exports[`relativeUrl helper should compile 1`] = `"../modules/classes.md"`;
