// Jest Snapshot v1, https://goo.gl/fbAQLP

exports[`typeAndParent helper should compile 1`] = `"void"`;
