// Jest Snapshot v1, https://goo.gl/fbAQLP

exports[`type helper should compile intrinsic type 1`] = `"string"`;
