// Jest Snapshot v1, https://goo.gl/fbAQLP

exports[`theme getUrls should getUrls' 1`] = `
Array [
  "README.md",
  "modules/_categories_.md",
  "modules/_classes_.md",
  "modules/_comments_.md",
  "modules/_functions_.md",
  "modules/_interfaces_.md",
  "modules/_literals_.md",
  "modules/_reflection_.md",
  "modules/_variables_.md",
  "modules/_categories_.md",
  "interfaces/_categories_.categoryinterfacea1.md",
  "interfaces/_categories_.categoryinterfacea2.md",
  "interfaces/_categories_.otherinterfacea.md",
  "modules/_categories_.md#categoryvariablea1",
  "modules/_categories_.md#categoryvariablea2",
  "modules/_categories_.md#categoryvariableb1",
  "modules/_categories_.md#othervariablea",
  "modules/_categories_.md#othervariableb",
  "modules/_categories_.md#categoryfunctiona1",
  "modules/_categories_.md#categoryfunctiona2",
  "modules/_categories_.md#categoryfunctiona3",
  "modules/_categories_.md#categoryfunctionb2",
  "modules/_categories_.md#otherfunctiona",
  "modules/_categories_.md#otherfunctionb",
  "interfaces/_categories_.categoryinterfacea1.md",
  "interfaces/_categories_.categoryinterfacea1.md#value",
  "interfaces/_categories_.categoryinterfacea2.md",
  "interfaces/_categories_.categoryinterfacea2.md#value",
  "interfaces/_categories_.otherinterfacea.md",
  "interfaces/_categories_.otherinterfacea.md#value",
  "modules/_classes_.md",
  "classes/_classes_.greeter.md",
  "modules/_classes_.md#greeter",
  "classes/_classes_.greeter.md",
  "classes/_classes_.greeter.md#constructor",
  "classes/_classes_.greeter.md#greeting",
  "classes/_classes_.greeter.md#greet",
  "modules/_comments_.md",
  "modules/_comments_.md#commentwithdoclinks",
  "modules/_comments_.md#commentswithfencedblock",
  "modules/_comments_.md#commentswithincludes",
  "modules/_comments_.md#commentswithsymbollinks",
  "modules/_comments_.md#commentswithtags",
  "modules/_comments_.md#commentsinreturn",
  "modules/_functions_.md",
  "modules/_functions_.md#buildname",
  "modules/_functions_.md#functionwithdefaults",
  "modules/_functions_.md#functionwithoptionalvalue",
  "modules/_functions_.md#functionwithparameters",
  "modules/_functions_.md#functionwithrest",
  "modules/_functions_.md#modulefunction",
  "modules/_functions_.md#multiplesignatures",
  "modules/_functions_.md#restuntiontypes",
  "modules/_functions_.md#variablefunction",
  "modules/_interfaces_.md",
  "modules/_literals_.md",
  "modules/_literals_.md#easing",
  "modules/_literals_.md#result",
  "modules/_literals_.md#typeliteral",
  "modules/_literals_.md#typeliteral2",
  "modules/_literals_.md#rolldice",
  "modules/_literals_.md#objectliteral",
  "modules/_literals_.md#objectliteral2",
  "modules/_reflection_.md",
  "classes/_reflection_.childclassa.md",
  "classes/_reflection_.childclassb.md",
  "classes/_reflection_.parentclass.md",
  "interfaces/_reflection_.callableinterface.md",
  "interfaces/_reflection_.indexableinterface.md",
  "interfaces/_reflection_.typeparamsinterface.md",
  "classes/_reflection_.childclassa.md",
  "classes/_reflection_.childclassa.md#prop",
  "classes/_reflection_.childclassb.md",
  "classes/_reflection_.childclassb.md#prop",
  "classes/_reflection_.parentclass.md",
  "classes/_reflection_.parentclass.md#prop",
  "interfaces/_reflection_.callableinterface.md",
  "interfaces/_reflection_.indexableinterface.md",
  "interfaces/_reflection_.typeparamsinterface.md",
  "interfaces/_reflection_.typeparamsinterface.md#prop",
  "modules/_variables_.md",
  "modules/_variables_.md#color",
  "modules/_variables_.md#decimal",
  "modules/_variables_.md#isdone",
  "modules/_variables_.md#list",
  "modules/_variables_.md#n",
  "modules/_variables_.md#notsure",
  "modules/_variables_.md#u",
  "modules/_variables_.md#x",
]
`;
